met/cs673/team1/domain/dto/ExpenseDto.class
met/cs673/team1/domain/dto/IncomeDto.class
met/cs673/team1/repository/IncomeRepository.class
met/cs673/team1/controller/IncomeController.class
met/cs673/team1/domain/entity/User.class
met/cs673/team1/exception/UserNotFoundException.class
met/cs673/team1/mapper/ExpenseMapper.class
met/cs673/team1/domain/entity/UserRegistrationToken.class
met/cs673/team1/service/ExpenseCategoryService.class
met/cs673/team1/domain/dto/UserPostDto.class
met/cs673/team1/repository/RoleRepository.class
met/cs673/team1/mapper/IncomeMapper.class
met/cs673/team1/service/ExpenseService.class
met/cs673/team1/domain/entity/ExpenseCategory.class
met/cs673/team1/repository/UserRepository.class
met/cs673/team1/mapper/IncomeMapperImpl.class
met/cs673/team1/exception/ErrorResponse.class
met/cs673/team1/mapper/UserMapperImpl.class
met/cs673/team1/domain/entity/Income.class
met/cs673/team1/mapper/UserMapper.class
met/cs673/team1/domain/entity/Role.class
met/cs673/team1/controller/ExpenseController.class
met/cs673/team1/service/UserService.class
met/cs673/team1/service/IncomeService.class
met/cs673/team1/repository/UserRegistrationTokenRepository.class
met/cs673/team1/mapper/ExpenseMapperImpl.class
met/cs673/team1/controller/UserController.class
met/cs673/team1/repository/ExpenseRepository.class
met/cs673/team1/Team1Application.class
met/cs673/team1/mapper/MapperUtil.class
met/cs673/team1/repository/ExpenseCategoryRepository.class
met/cs673/team1/exception/ExceptionHandlerControllerAdvice.class
met/cs673/team1/domain/dto/UserGetDto.class
met/cs673/team1/domain/entity/Expense.class
