/Users/clydeyeung/Documents/BU/CS673/actions/project-team-1/code/back-end/src/main/java/met/cs673/team1/exception/ErrorResponse.java
/Users/clydeyeung/Documents/BU/CS673/actions/project-team-1/code/back-end/src/main/java/met/cs673/team1/controller/IncomeController.java
/Users/clydeyeung/Documents/BU/CS673/actions/project-team-1/code/back-end/src/main/java/met/cs673/team1/domain/dto/UserGetDto.java
/Users/clydeyeung/Documents/BU/CS673/actions/project-team-1/code/back-end/src/main/java/met/cs673/team1/service/UserService.java
/Users/clydeyeung/Documents/BU/CS673/actions/project-team-1/code/back-end/src/main/java/met/cs673/team1/repository/UserRepository.java
/Users/clydeyeung/Documents/BU/CS673/actions/project-team-1/code/back-end/src/main/java/met/cs673/team1/domain/dto/ExpenseDto.java
/Users/clydeyeung/Documents/BU/CS673/actions/project-team-1/code/back-end/src/main/java/met/cs673/team1/service/ExpenseService.java
/Users/clydeyeung/Documents/BU/CS673/actions/project-team-1/code/back-end/src/main/java/met/cs673/team1/controller/UserController.java
/Users/clydeyeung/Documents/BU/CS673/actions/project-team-1/code/back-end/src/main/java/met/cs673/team1/domain/entity/Expense.java
/Users/clydeyeung/Documents/BU/CS673/actions/project-team-1/code/back-end/src/main/java/met/cs673/team1/repository/IncomeRepository.java
/Users/clydeyeung/Documents/BU/CS673/actions/project-team-1/code/back-end/src/main/java/met/cs673/team1/domain/entity/User.java
/Users/clydeyeung/Documents/BU/CS673/actions/project-team-1/code/back-end/src/main/java/met/cs673/team1/domain/entity/Role.java
/Users/clydeyeung/Documents/BU/CS673/actions/project-team-1/code/back-end/src/main/java/met/cs673/team1/domain/dto/UserPostDto.java
/Users/clydeyeung/Documents/BU/CS673/actions/project-team-1/code/back-end/src/main/java/met/cs673/team1/domain/entity/ExpenseCategory.java
/Users/clydeyeung/Documents/BU/CS673/actions/project-team-1/code/back-end/src/main/java/met/cs673/team1/mapper/UserMapper.java
/Users/clydeyeung/Documents/BU/CS673/actions/project-team-1/code/back-end/src/main/java/met/cs673/team1/mapper/IncomeMapper.java
/Users/clydeyeung/Documents/BU/CS673/actions/project-team-1/code/back-end/src/main/java/met/cs673/team1/exception/ExceptionHandlerControllerAdvice.java
/Users/clydeyeung/Documents/BU/CS673/actions/project-team-1/code/back-end/src/main/java/met/cs673/team1/domain/dto/IncomeDto.java
/Users/clydeyeung/Documents/BU/CS673/actions/project-team-1/code/back-end/src/main/java/met/cs673/team1/mapper/MapperUtil.java
/Users/clydeyeung/Documents/BU/CS673/actions/project-team-1/code/back-end/src/main/java/met/cs673/team1/domain/entity/UserRegistrationToken.java
/Users/clydeyeung/Documents/BU/CS673/actions/project-team-1/code/back-end/src/main/java/met/cs673/team1/repository/ExpenseRepository.java
/Users/clydeyeung/Documents/BU/CS673/actions/project-team-1/code/back-end/src/main/java/met/cs673/team1/service/IncomeService.java
/Users/clydeyeung/Documents/BU/CS673/actions/project-team-1/code/back-end/src/main/java/met/cs673/team1/Team1Application.java
/Users/clydeyeung/Documents/BU/CS673/actions/project-team-1/code/back-end/src/main/java/met/cs673/team1/exception/UserNotFoundException.java
/Users/clydeyeung/Documents/BU/CS673/actions/project-team-1/code/back-end/src/main/java/met/cs673/team1/mapper/ExpenseMapper.java
/Users/clydeyeung/Documents/BU/CS673/actions/project-team-1/code/back-end/src/main/java/met/cs673/team1/domain/entity/Income.java
/Users/clydeyeung/Documents/BU/CS673/actions/project-team-1/code/back-end/src/main/java/met/cs673/team1/repository/ExpenseCategoryRepository.java
/Users/clydeyeung/Documents/BU/CS673/actions/project-team-1/code/back-end/src/main/java/met/cs673/team1/repository/UserRegistrationTokenRepository.java
/Users/clydeyeung/Documents/BU/CS673/actions/project-team-1/code/back-end/src/main/java/met/cs673/team1/controller/ExpenseController.java
/Users/clydeyeung/Documents/BU/CS673/actions/project-team-1/code/back-end/src/main/java/met/cs673/team1/service/ExpenseCategoryService.java
/Users/clydeyeung/Documents/BU/CS673/actions/project-team-1/code/back-end/src/main/java/met/cs673/team1/repository/RoleRepository.java
