/Users/clydeyeung/Documents/BU/CS673/actions/project-team-1/code/back-end/src/test/java/met/cs673/team1/mapper/MapperUtilTest.java
/Users/clydeyeung/Documents/BU/CS673/actions/project-team-1/code/back-end/src/test/java/met/cs673/team1/service/UserServiceTest.java
/Users/clydeyeung/Documents/BU/CS673/actions/project-team-1/code/back-end/src/test/java/met/cs673/team1/service/IncomeServiceTest.java
/Users/clydeyeung/Documents/BU/CS673/actions/project-team-1/code/back-end/src/test/java/met/cs673/team1/controller/IncomeControllerTest.java
/Users/clydeyeung/Documents/BU/CS673/actions/project-team-1/code/back-end/src/test/java/met/cs673/team1/service/ExpenseServiceTest.java
/Users/clydeyeung/Documents/BU/CS673/actions/project-team-1/code/back-end/src/test/java/met/cs673/team1/mapper/ExpenseMapperTest.java
/Users/clydeyeung/Documents/BU/CS673/actions/project-team-1/code/back-end/src/test/java/met/cs673/team1/mapper/UserMapperTest.java
/Users/clydeyeung/Documents/BU/CS673/actions/project-team-1/code/back-end/src/test/java/met/cs673/team1/controller/UserControllerTest.java
/Users/clydeyeung/Documents/BU/CS673/actions/project-team-1/code/back-end/src/test/java/met/cs673/team1/controller/ExpenseControllerTest.java
